time="2026-09-24T10:35:18.557390300+08:00" level=info msg="Start initial configuration in progress"
time="2026-09-24T10:35:18.560405700+08:00" level=info msg="Geodata Loader mode: memconservative"
time="2026-09-24T10:35:18.560405700+08:00" level=info msg="Geosite Matcher implementation: succinct"
time="2026-09-24T10:35:20.147789200+08:00" level=info msg="Load GeoIP rule: cn"
time="2026-09-24T10:35:20.180496700+08:00" level=info msg="Finished initial GeoIP rule cn => AutoPR_PROXY, records: 9741"
time="2026-09-24T10:35:20.432361100+08:00" level=info msg="Load GeoIP rule: telegram"
time="2026-09-24T10:35:20.471313500+08:00" level=info msg="Finished initial GeoIP rule telegram => HidePROXY, records: 12"
time="2026-09-24T10:35:20.580211700+08:00" level=info msg="Load GeoIP rule: private"
time="2026-09-24T10:35:20.591792600+08:00" level=info msg="Finished initial GeoIP rule private => DIRECT, records: 18"
time="2026-09-24T10:35:20.822931600+08:00" level=info msg="Initial configuration complete, total time: 2262ms"
time="2026-09-24T10:35:20.823965200+08:00" level=info msg="RESTful API listening at: 127.3.3.3:80"
time="2026-09-24T10:35:20.826031700+08:00" level=info msg="Sniffer is loaded and working"
time="2026-09-24T10:35:20.826544300+08:00" level=info msg="DNS server(UDP) listening at: [::]:53153"
time="2026-09-24T10:35:20.826544300+08:00" level=info msg="DNS server(TCP) listening at: [::]:53153"
time="2026-09-24T10:35:20.826544300+08:00" level=info msg="Mixed(http+socks) proxy listening at: [::]:10800"
time="2026-09-24T10:35:20.842030700+08:00" level=error msg="[TUN] default interface lost by monitor"
time="2026-09-24T10:35:21.447719500+08:00" level=info msg="[TUN] Tun adapter listening at: mihomo_tun1([198.18.0.1/30],[6666:ffff:ffff:6666::1/126]), mtu: 9000, auto route: true, auto redir: false, ip stack: Mixed"
time="2026-09-24T10:35:21.447719500+08:00" level=info msg="Start initial compatible provider AutoPROXY"
time="2026-09-24T10:35:21.447719500+08:00" level=info msg="Start initial compatible provider 测试专用规则"
time="2026-09-24T10:35:21.447719500+08:00" level=info msg="Start initial compatible provider MuMuPlayer_REJECT"
time="2026-09-24T10:35:21.447719500+08:00" level=info msg="Start initial compatible provider Warp_select"
time="2026-09-24T10:35:21.447719500+08:00" level=info msg="Start initial compatible provider MuMuPlayer_PROXY"
time="2026-09-24T10:35:21.447719500+08:00" level=info msg="Start initial compatible provider HidePROXY"
time="2026-09-24T10:35:21.447719500+08:00" level=info msg="Start initial compatible provider VMware_PROXY"
time="2026-09-24T10:35:21.447719500+08:00" level=info msg="Start initial compatible provider AutoPR_REJECT"
time="2026-09-24T10:35:21.447719500+08:00" level=info msg="Start initial compatible provider default"
time="2026-09-24T10:35:21.447719500+08:00" level=info msg="Start initial compatible provider AutoPR_PROXY"
time="2026-09-24T10:35:21.473478400+08:00" level=info msg="UI already exists, skip downloading"
time="2026-09-24T10:35:21.473991900+08:00" level=info msg="[GEO] last update time 2026-09-19 10:11:25.1989589 +0800 CST"
time="2026-09-24T10:35:21.473991900+08:00" level=info msg="[GEO] Database has not been updated for 24h0m0s, update now"
time="2026-09-24T10:35:21.473991900+08:00" level=info msg="[GEO] Start updating GEO database"
time="2026-09-24T10:35:21.473991900+08:00" level=info msg="[GEO] Updating GEO database"
time="2026-09-24T10:35:26.250628900+08:00" level=info msg="Load ASN file: E:\\01.userData\\ZhuoMian\\工具存档\\31_零信任终端\\360\\#core_and_data/ASN.mmdb"
time="2026-09-24T10:35:49.181041200+08:00" level=info msg="[TCP] 198.18.0.1:57668 --> windows.msn.cn:443 match Match using REJECT"
time="2026-09-24T10:35:49.181041200+08:00" level=info msg="[TCP] 198.18.0.1:64497 --> windows.msn.cn:443 match Match using REJECT"
time="2026-09-24T10:37:04.683831500+08:00" level=info msg="Load ASN file: E:\\01.userData\\ZhuoMian\\工具存档\\31_零信任终端\\360\\#core_and_data/ASN.mmdb"
time="2026-09-24T10:40:27.830705700+08:00" level=info msg="[TCP] [6666:ffff:ffff:6666::1]:50358(steamerrorreporter64.exe) --> crash.steampowered.com:443 match Match using REJECT"
time="2026-09-24T10:40:27.838555700+08:00" level=info msg="[TCP] [6666:ffff:ffff:6666::1]:50366(steamerrorreporter64.exe) --> crash.steampowered.com:443 match Match using REJECT"
