[   1/3625] Checking is LOST | E:\01.userData\ZhuoMian\Github_Releases_批量下载 xray\Xray-core\v1.0.0\Xray-dragonfly-64.zip         | LOCAL=e48b902a6399b75bffc6ffa9dd42d716630db0fd33e9b2c77cb26f96530362d8 REMOTE=LOST
[   2/3625] Checking is LOST | E:\01.userData\ZhuoMian\Github_Releases_批量下载 xray\Xray-core\v1.0.0\Xray-freebsd-32.zip           | LOCAL=974fb6b1c038a824606b071e6a69d2e850c6f84ce75650429c12f970bcbaf26c REMOTE=LOST
[   3/3625] Checking is LOST | E:\01.userData\ZhuoMian\Github_Releases_批量下载 xray\Xray-core\v1.0.0\Xray-freebsd-64.zip           | LOCAL=58f234559734d58d00fb156ad426c5e003fbe794734f94fa577c9c14ac71272b REMOTE=LOST
[   4/3625] Checking is LOST | E:\01.userData\ZhuoMian\Github_Releases_批量下载 xray\Xray-core\v1.0.0\Xray-linux-32.zip             | LOCAL=0a734f1e78ba0c03c5622169b46782826b2f9950aa3b1be6b61e6a1f2ea23837 REMOTE=LOST
[   5/3625] Checking is LOST | E:\01.userData\ZhuoMian\Github_Releases_批量下载 xray\Xray-core\v1.0.0\Xray-linux-64.zip             | LOCAL=f0c72a758395c208fb9298ee877e868d5030c35ca7a249fe4b983925083ec28d REMOTE=LOST
[   6/3625] Checking is LOST | E:\01.userData\ZhuoMian\Github_Releases_批量下载 xray\Xray-core\v1.0.0\Xray-linux-arm32-v5.zip       | LOCAL=7b44af74a73bb202ec84d86d9a792acd2bd1ef3ddf742f982a90470cf16c4e60 REMOTE=LOST
[   7/3625] Checking is LOST | E:\01.userData\ZhuoMian\Github_Releases_批量下载 xray\Xray-core\v1.0.0\Xray-linux-arm32-v6.zip       | LOCAL=214953ae9cb395034e73a538aaefd9be8622b292a65e06b840768180d5fe14ab REMOTE=LOST
[   8/3625] Checking is LOST | E:\01.userData\ZhuoMian\Github_Releases_批量下载 xray\Xray-core\v1.0.0\Xray-linux-arm32-v7a.zip      | LOCAL=475c34b7eab60bdd4d1f856e8546ee806ec583b90d4f3b8411d5a4f82fa23cef REMOTE=LOST
[   9/3625] Checking is LOST | E:\01.userData\ZhuoMian\Github_Releases_批量下载 xray\Xray-core\v1.0.0\Xray-linux-arm64-v8a.zip      | LOCAL=60d3d39cb6e1e61bddf5139135f05bf2704075ecc7235b6bfda9d7b19db869be REMOTE=LOST
[  10/3625] Checking is LOST | E:\01.userData\ZhuoMian\Github_Releases_批量下载 xray\Xray-core\v1.0.0\Xray-linux-mips32.zip         | LOCAL=e10a937066f09b59e3935afb4f6ad5878f916a6c4e820c3893a1eff007029ca9 REMOTE=LOST
[  11/3625] Checking is LOST | E:\01.userData\ZhuoMian\Github_Releases_批量下载 xray\Xray-core\v1.0.0\Xray-linux-mips32le.zip       | LOCAL=ed99749725db1c5076f6dcef48907982944fdc5f236eb247187dbfe3f20d6a0d REMOTE=LOST
[  12/3625] Checking is LOST | E:\01.userData\ZhuoMian\Github_Releases_批量下载 xray\Xray-core\v1.0.0\Xray-linux-mips64.zip         | LOCAL=3eda2f80df85683f1aded27e04391ccf2f7f3e9cca60527c4c0cae06b3ec4084 REMOTE=LOST
[  13/3625] Checking is LOST | E:\01.userData\ZhuoMian\Github_Releases_批量下载 xray\Xray-core\v1.0.0\Xray-linux-mips64le.zip       | LOCAL=2c25bfabafd5ad305745cbb9d2fff0ecc730a8d808bb487484956c32fa3e5f3d REMOTE=LOST
[  14/3625] Checking is LOST | E:\01.userData\ZhuoMian\Github_Releases_批量下载 xray\Xray-core\v1.0.0\Xray-linux-ppc64.zip          | LOCAL=505e3cbc76b69bd6b61b8dfc02afa1d2b08f5ce012544f4ae491f8df53b2549e REMOTE=LOST
[  15/3625] Checking is LOST | E:\01.userData\ZhuoMian\Github_Releases_批量下载 xray\Xray-core\v1.0.0\Xray-linux-ppc64le.zip        | LOCAL=5fa8d40ef6bbaed99ab63064d0d0dceed74740e0d7538bb268fbc27be992e3a0 REMOTE=LOST
[  16/3625] Checking is LOST | E:\01.userData\ZhuoMian\Github_Releases_批量下载 xray\Xray-core\v1.0.0\Xray-linux-riscv64.zip        | LOCAL=0c56e1e4d4155160efb9e23e1d85a96ae93566f701dca3dd27067c279b53261f REMOTE=LOST
[  17/3625] Checking is LOST | E:\01.userData\ZhuoMian\Github_Releases_批量下载 xray\Xray-core\v1.0.0\Xray-linux-s390x.zip          | LOCAL=2d99687003e81a38afe2d239da8da09b0373fffdd3539c19ea280c467dca0bcc REMOTE=LOST
[  18/3625] Checking is LOST | E:\01.userData\ZhuoMian\Github_Releases_批量下载 xray\Xray-core\v1.0.0\Xray-macos-64.zip             | LOCAL=9dc6a1080c119a43005b6d5f4df6074c29b3e5b75dad889fc71a6cf319693d95 REMOTE=LOST
[  19/3625] Checking is LOST | E:\01.userData\ZhuoMian\Github_Releases_批量下载 xray\Xray-core\v1.0.0\Xray-openbsd-32.zip           | LOCAL=722ae5b9aceb87f05a1bbbff29101793199335b6f0ab7013fb40eba690c1c3d0 REMOTE=LOST
[  20/3625] Checking is LOST | E:\01.userData\ZhuoMian\Github_Releases_批量下载 xray\Xray-core\v1.0.0\Xray-openbsd-64.zip           | LOCAL=3b4fdbaa825d2041bc3e205a49eaa042654acbe79a4e029f733e2206e833009f REMOTE=LOST
[  21/3625] Checking is LOST | E:\01.userData\ZhuoMian\Github_Releases_批量下载 xray\Xray-core\v1.0.0\Xray-windows-32.zip           | LOCAL=18e099e12b9dceaae546d840c2beee00a3bb2d47eb390b347cf33e3372e2f9b6 REMOTE=LOST
[  22/3625] Checking is LOST | E:\01.userData\ZhuoMian\Github_Releases_批量下载 xray\Xray-core\v1.0.0\Xray-windows-64.zip           | LOCAL=9b525f9945aac08a0752055cfd3efa7779a8d86dc2d4bc1edfa49b6300593cd1 REMOTE=LOST
[  23/3625] Checking is LOST | E:\01.userData\ZhuoMian\Github_Releases_批量下载 xray\Xray-core\v1.0.0\Xray-windows-arm32-v7a.zip    | LOCAL=0c2681fe3c8e8ca113758874ed4b1b3b8640f19c17836c086921fdf3adaaca77 REMOTE=LOST
[  24/3625] Checking is LOST | E:\01.userData\ZhuoMian\Github_Releases_批量下载 xray\Xray-core\v1.1.2\Xray-android-arm64-v8a.zip    | LOCAL=036302fa1df076990b92d258bfcde15e9b9a3bada3861856788beccef09cd09b REMOTE=LOST
[  25/3625] Checking is LOST | E:\01.userData\ZhuoMian\Github_Releases_批量下载 xray\Xray-core\v1.1.2\Xray-dragonfly-64.zip         | LOCAL=3c4a9a52cd8d97a6ce03e741bfa3002a3ea94b1ed8780b15b87cc20a581a53d7 REMOTE=LOST
[  26/3625] Checking is LOST | E:\01.userData\ZhuoMian\Github_Releases_批量下载 xray\Xray-core\v1.1.2\Xray-freebsd-32.zip           | LOCAL=3517cfa6e8e51236d662527680245d7aa55571f3ae4939d0c8650ead4195ff5e REMOTE=LOST
[  27/3625] Checking is LOST | E:\01.userData\ZhuoMian\Github_Releases_批量下载 xray\Xray-core\v1.1.2\Xray-freebsd-64.zip           | LOCAL=7ed97562c36d20988648b9a42ed7f4412059d74c5186f514f240c51cebdd21c6 REMOTE=LOST
[  28/3625] Checking is LOST | E:\01.userData\ZhuoMian\Github_Releases_批量下载 xray\Xray-core\v1.1.2\Xray-linux-32.zip             | LOCAL=b4392035b2e4816520a1b12c9a4558dbe4a7e20e50357e28eb086e82b2a4982d REMOTE=LOST
[  29/3625] Checking is LOST | E:\01.userData\ZhuoMian\Github_Releases_批量下载 xray\Xray-core\v1.1.2\Xray-linux-64.zip             | LOCAL=2aec19c39b6f6385e78922d017fdb32ac67764da7ca595e9da27b7ccef0708b9 REMOTE=LOST
[  30/3625] Checking is LOST | E:\01.userData\ZhuoMian\Github_Releases_批量下载 xray\Xray-core\v1.1.2\Xray-linux-arm32-v5.zip       | LOCAL=495dd6839a83655c1aca9776d9689cc3ece5c7826d701e4255d8cc8e184e8471 REMOTE=LOST
[  31/3625] Checking is LOST | E:\01.userData\ZhuoMian\Github_Releases_批量下载 xray\Xray-core\v1.1.2\Xray-linux-arm32-v6.zip       | LOCAL=a03111c5c9236af9cf3ef42824caeaeafa09789cc5521ea630e5d3dc9935cd0b REMOTE=LOST
[  32/3625] Checking is LOST | E:\01.userData\ZhuoMian\Github_Releases_批量下载 xray\Xray-core\v1.1.2\Xray-linux-arm32-v7a.zip      | LOCAL=59b8af06836946ccd13f79f207b62cbac0c0a8d84cb122c63ffea309326ea683 REMOTE=LOST
[  33/3625] Checking is LOST | E:\01.userData\ZhuoMian\Github_Releases_批量下载 xray\Xray-core\v1.1.2\Xray-linux-arm64-v8a.zip      | LOCAL=3fdbab66317504d1c8e9a909782d6c9528394ab81c24286dd41aa8fce24e4ebc REMOTE=LOST
[  34/3625] Checking is LOST | E:\01.userData\ZhuoMian\Github_Releases_批量下载 xray\Xray-core\v1.1.2\Xray-linux-mips32.zip         | LOCAL=2e727c613b4980d1add44830d411295f1c42046a4bf446a016df83a43980f14b REMOTE=LOST
[  35/3625] Checking is LOST | E:\01.userData\ZhuoMian\Github_Releases_批量下载 xray\Xray-core\v1.1.2\Xray-linux-mips32le.zip       | LOCAL=7053c9190d8b8e749d510901c569283be9c7130c164bc172707d1ab179bcc36b REMOTE=LOST
[  36/3625] Checking is LOST | E:\01.userData\ZhuoMian\Github_Releases_批量下载 xray\Xray-core\v1.1.2\Xray-linux-mips64.zip         | LOCAL=984a7f5fa6c84666c1a34c5891236b6d0d4bb3fa9e2836508d8b191c6dfb3b25 REMOTE=LOST
[  37/3625] Checking is LOST | E:\01.userData\ZhuoMian\Github_Releases_批量下载 xray\Xray-core\v1.1.2\Xray-linux-mips64le.zip       | LOCAL=35d2c5ad8f5aab164e0be298e4b69f82cd9b08b7bf7aee7a453cb7445c05ceec REMOTE=LOST
[  38/3625] Checking is LOST | E:\01.userData\ZhuoMian\Github_Releases_批量下载 xray\Xray-core\v1.1.2\Xray-linux-ppc64.zip          | LOCAL=82e404ab86d785cfd972a4f3b14804d11e5a7f9d6e7095400076394dbeedb7bf REMOTE=LOST
[  39/3625] Checking is LOST | E:\01.userData\ZhuoMian\Github_Releases_批量下载 xray\Xray-core\v1.1.2\Xray-linux-ppc64le.zip        | LOCAL=34f90953f45f2944b0326e91fac999a75f1be32efe2299655c2768308c2be7b3 REMOTE=LOST
[  40/3625] Checking is LOST | E:\01.userData\ZhuoMian\Github_Releases_批量下载 xray\Xray-core\v1.1.2\Xray-linux-riscv64.zip        | LOCAL=d7b99fdb3f0ced1c5c02ad2855e18d3db514b6a764287bd29ef5cb8972f340a7 REMOTE=LOST
[  41/3625] Checking is LOST | E:\01.userData\ZhuoMian\Github_Releases_批量下载 xray\Xray-core\v1.1.2\Xray-linux-s390x.zip          | LOCAL=cec524b5badcbe9552f60dd2ce5d743f285d3499110aa0ecfc5a2ff118309963 REMOTE=LOST
[  42/3625] Checking is LOST | E:\01.userData\ZhuoMian\Github_Releases_批量下载 xray\Xray-core\v1.1.2\Xray-macos-64.zip             | LOCAL=0fafbdd431ce09dec05faf085b064d6a456eb61cc4d3d19856abb080c6bf2f1e REMOTE=LOST
[  43/3625] Checking is LOST | E:\01.userData\ZhuoMian\Github_Releases_批量下载 xray\Xray-core\v1.1.2\Xray-openbsd-32.zip           | LOCAL=2829e245e209509c95040d690c5e4b3ae465a414e4c56b380a9705dc15b2ad17 REMOTE=LOST
[  44/3625] Checking is LOST | E:\01.userData\ZhuoMian\Github_Releases_批量下载 xray\Xray-core\v1.1.2\Xray-openbsd-64.zip           | LOCAL=d8acc84f038f00e5747eaf29ad364bc649a424293bbccb53cd35eee3aa6a144a REMOTE=LOST
[  45/3625] Checking is LOST | E:\01.userData\ZhuoMian\Github_Releases_批量下载 xray\Xray-core\v1.1.2\Xray-windows-32.zip           | LOCAL=ef7fc43aac7087da51e8ae60773937de998a3196f31b9a975b4eda706f886ca8 REMOTE=LOST
[  46/3625] Checking is LOST | E:\01.userData\ZhuoMian\Github_Releases_批量下载 xray\Xray-core\v1.1.2\Xray-windows-64.zip           | LOCAL=27b05f4600787aa95c9784b0da5a8c6d4aae63b43943c575672d265f43ca5ef4 REMOTE=LOST
[  47/3625] Checking is LOST | E:\01.userData\ZhuoMian\Github_Releases_批量下载 xray\Xray-core\v1.1.2\Xray-windows-arm32-v7a.zip    | LOCAL=dd0dfd1f71b10a58ca9168bcd488385f2e3e6d7ced9d0c88c0011681b69f2986 REMOTE=LOST
[  48/3625] Checking is LOST | E:\01.userData\ZhuoMian\Github_Releases_批量下载 xray\Xray-core\v1.1.3\Xray-android-arm64-v8a.zip    | LOCAL=4ed1646463aff41c290b4b1c3bf548bfcb288f26a894d6b89f7f69af0e18cbce REMOTE=LOST
[  49/3625] Checking is LOST | E:\01.userData\ZhuoMian\Github_Releases_批量下载 xray\Xray-core\v1.1.3\Xray-dragonfly-64.zip         | LOCAL=2abf98a888717496860f5905224de89b5e8f6e36b755ccbcc72ee25facbf8d82 REMOTE=LOST
[  50/3625] Checking is LOST | E:\01.userData\ZhuoMian\Github_Releases_批量下载 xray\Xray-core\v1.1.3\Xray-freebsd-32.zip           | LOCAL=3ce3d83097f6bf55bcb9fa20c9a57ec319eb581560c64e22158e153ba953f4e5 REMOTE=LOST
[  51/3625] Checking is LOST | E:\01.userData\ZhuoMian\Github_Releases_批量下载 xray\Xray-core\v1.1.3\Xray-freebsd-64.zip           | LOCAL=dac509deab5f5919cf2d2916a27983986f432ea1012d2045b56a3752216606cd REMOTE=LOST
[  52/3625] Checking is LOST | E:\01.userData\ZhuoMian\Github_Releases_批量下载 xray\Xray-core\v1.1.3\Xray-linux-32.zip             | LOCAL=908629df553fb29e65ae4e496b9dab9a6af3d973334091dce4055daab6098b96 REMOTE=LOST
[  53/3625] Checking is LOST | E:\01.userData\ZhuoMian\Github_Releases_批量下载 xray\Xray-core\v1.1.3\Xray-linux-64.zip             | LOCAL=1b416e56714dd182a644be35237aad78a256450ed4423dbbbc71399c286bbf34 REMOTE=LOST
[  54/3625] Checking is LOST | E:\01.userData\ZhuoMian\Github_Releases_批量下载 xray\Xray-core\v1.1.3\Xray-linux-arm32-v5.zip       | LOCAL=14a2c38222200ca147e362a111a85e4eafccbc8d6549b97a2d604d2307f6c25d REMOTE=LOST
[  55/3625] Checking is LOST | E:\01.userData\ZhuoMian\Github_Releases_批量下载 xray\Xray-core\v1.1.3\Xray-linux-arm32-v6.zip       | LOCAL=f12dbe561007422b15b5649bcc0a266e74a7646d58f4cf8e439ecc532df82c79 REMOTE=LOST
[  56/3625] Checking is LOST | E:\01.userData\ZhuoMian\Github_Releases_批量下载 xray\Xray-core\v1.1.3\Xray-linux-arm32-v7a.zip      | LOCAL=eebfa11f4474015c3461d8ab09c6ed44e3bda08be00d390c5295e45e0bd64ba4 REMOTE=LOST
[  57/3625] Checking is LOST | E:\01.userData\ZhuoMian\Github_Releases_批量下载 xray\Xray-core\v1.1.3\Xray-linux-arm64-v8a.zip      | LOCAL=0093dfa8732e56a6e725cf66fb4e0598ca396656083307156f524605504e1b52 REMOTE=LOST
[  58/3625] Checking is LOST | E:\01.userData\ZhuoMian\Github_Releases_批量下载 xray\Xray-core\v1.1.3\Xray-linux-mips32.zip         | LOCAL=25f8a0a0d0a580f63c7dbbd9aa1c36ebe4c4bf1d0b768edcc8725fe808119ab8 REMOTE=LOST
[  59/3625] Checking is LOST | E:\01.userData\ZhuoMian\Github_Releases_批量下载 xray\Xray-core\v1.1.3\Xray-linux-mips32le.zip       | LOCAL=1acfa9cb1f9bcda06f8b960e1d2ffd0adfe71644c303d60ea662b4998ce8462c REMOTE=LOST
[  60/3625] Checking is LOST | E:\01.userData\ZhuoMian\Github_Releases_批量下载 xray\Xray-core\v1.1.3\Xray-linux-mips64.zip         | LOCAL=6d492190da41b9cc8a4a680ddddf56082f36f94dfa4ad24bf59a7669dc44b22e REMOTE=LOST
[  61/3625] Checking is LOST | E:\01.userData\ZhuoMian\Github_Releases_批量下载 xray\Xray-core\v1.1.3\Xray-linux-mips64le.zip       | LOCAL=9637a7fddf03fd9dbd0ba9e70fd3593c4ecbcf258b8b4ce8e5ff503e7f35f9f4 REMOTE=LOST
[  62/3625] Checking is LOST | E:\01.userData\ZhuoMian\Github_Releases_批量下载 xray\Xray-core\v1.1.3\Xray-linux-ppc64.zip          | LOCAL=0822ed1728e69ccf3639138fe5c478c3bf486390781eb63ad52578e1b9d10290 REMOTE=LOST
[  63/3625] Checking is LOST | E:\01.userData\ZhuoMian\Github_Releases_批量下载 xray\Xray-core\v1.1.3\Xray-linux-ppc64le.zip        | LOCAL=dfe25d128293ea3d89151d2d037cd1498a6265b5156dff7e65a4783bcf1bc671 REMOTE=LOST
[  64/3625] Checking is LOST | E:\01.userData\ZhuoMian\Github_Releases_批量下载 xray\Xray-core\v1.1.3\Xray-linux-riscv64.zip        | LOCAL=7b964828dd975b1d250e66bfd93446fdf23b931e777dab55154fbb8a008b91e7 REMOTE=LOST
[  65/3625] Checking is LOST | E:\01.userData\ZhuoMian\Github_Releases_批量下载 xray\Xray-core\v1.1.3\Xray-linux-s390x.zip          | LOCAL=57b89f52259039f9fd899d319471d667e9d7b8a2e94d67e0803ba863966bcb17 REMOTE=LOST
[  66/3625] Checking is LOST | E:\01.userData\ZhuoMian\Github_Releases_批量下载 xray\Xray-core\v1.1.3\Xray-macos-64.zip             | LOCAL=e1191b32d33798965a3dfb4c34ee09c778e3bafafa0e55f6f2d46e8bd6f748b9 REMOTE=LOST
[  67/3625] Checking is LOST | E:\01.userData\ZhuoMian\Github_Releases_批量下载 xray\Xray-core\v1.1.3\Xray-openbsd-32.zip           | LOCAL=250379284be7cc335a765b87b16a245792bb4e94a73ad694865acbd02ba5b1cc REMOTE=LOST
[  68/3625] Checking is LOST | E:\01.userData\ZhuoMian\Github_Releases_批量下载 xray\Xray-core\v1.1.3\Xray-openbsd-64.zip           | LOCAL=d89618ba82a705cd68cd84e1654ff0260f83e7638ddac6623ea58f4096261770 REMOTE=LOST
[  69/3625] Checking is LOST | E:\01.userData\ZhuoMian\Github_Releases_批量下载 xray\Xray-core\v1.1.3\Xray-windows-32.zip           | LOCAL=7b0ec6a782f7d1a2b191ebfbbace7a2522b5ca66f11f3a70445e8d3ae85efc7c REMOTE=LOST
[  70/3625] Checking is LOST | E:\01.userData\ZhuoMian\Github_Releases_批量下载 xray\Xray-core\v1.1.3\Xray-windows-64.zip           | LOCAL=afba378c8d78fcb3fcdfeeef800495dd17214d47446ecb86713aa97635475dc7 REMOTE=LOST
[  71/3625] Checking is LOST | E:\01.userData\ZhuoMian\Github_Releases_批量下载 xray\Xray-core\v1.1.3\Xray-windows-arm32-v7a.zip    | LOCAL=ba10bffc8c94c6c31fb2f747920c66cb06e73c328b5b929837245343b3fb5ca9 REMOTE=LOST
[  72/3625] Checking is LOST | E:\01.userData\ZhuoMian\Github_Releases_批量下载 xray\Xray-core\v1.1.4\Xray-android-arm64-v8a.zip    | LOCAL=9af072b0885466cb98869230e9b41aab7453b7d5544e7d3a9cf340511e796b4a REMOTE=LOST
[  73/3625] Checking is LOST | E:\01.userData\ZhuoMian\Github_Releases_批量下载 xray\Xray-core\v1.1.4\Xray-dragonfly-64.zip         | LOCAL=e5d9ded1846b0399bc353b1db7eba7d67f87f0e054cb9b5ca64ed4a1b92e2ccf REMOTE=LOST
[  74/3625] Checking is LOST | E:\01.userData\ZhuoMian\Github_Releases_批量下载 xray\Xray-core\v1.1.4\Xray-freebsd-32.zip           | LOCAL=0406c11df005340d3e8c3dfea8b7bc6630ff2835fcdc5bdb09ffa051ed2b4346 REMOTE=LOST
[  75/3625] Checking is LOST | E:\01.userData\ZhuoMian\Github_Releases_批量下载 xray\Xray-core\v1.1.4\Xray-freebsd-64.zip           | LOCAL=edec12afa3c6f0485e3564072a9a08d2737c1ebaf82d1407ac39ea748210da04 REMOTE=LOST
[  76/3625] Checking is LOST | E:\01.userData\ZhuoMian\Github_Releases_批量下载 xray\Xray-core\v1.1.4\Xray-linux-32.zip             | LOCAL=d950aec99d97445f7f9559db85179b5b9bf4a7c4dc751a1614f55ade7943125e REMOTE=LOST
[  77/3625] Checking is LOST | E:\01.userData\ZhuoMian\Github_Releases_批量下载 xray\Xray-core\v1.1.4\Xray-linux-64.zip             | LOCAL=77a1629c55414353d94bd0beb9974337f5eb8aaf3630c8081e1e4ac0f3a58493 REMOTE=LOST
[  78/3625] Checking is LOST | E:\01.userData\ZhuoMian\Github_Releases_批量下载 xray\Xray-core\v1.1.4\Xray-linux-arm32-v5.zip       | LOCAL=6ebd5903d43f44f90b4ed87d21597dc175b73b1b90cd273b4b08c62391f94677 REMOTE=LOST
[  79/3625] Checking is LOST | E:\01.userData\ZhuoMian\Github_Releases_批量下载 xray\Xray-core\v1.1.4\Xray-linux-arm32-v6.zip       | LOCAL=05a11b328795157edff16edd7e36e0f8a02e8b9611748f7e5c3396d6a175b81b REMOTE=LOST
[  80/3625] Checking is LOST | E:\01.userData\ZhuoMian\Github_Releases_批量下载 xray\Xray-core\v1.1.4\Xray-linux-arm32-v7a.zip      | LOCAL=35516b8bc6f0d4cf34e1ef2aa0feab8dc68e0ef7c42620ea8fdfdb4d4890ce93 REMOTE=LOST
[  81/3625] Checking is LOST | E:\01.userData\ZhuoMian\Github_Releases_批量下载 xray\Xray-core\v1.1.4\Xray-linux-arm64-v8a.zip      | LOCAL=b05e0ac1846ecd2ade564196636b1fb5e36834930516c72d65c6296323ff22fd REMOTE=LOST
[  82/3625] Checking is LOST | E:\01.userData\ZhuoMian\Github_Releases_批量下载 xray\Xray-core\v1.1.4\Xray-linux-mips32.zip         | LOCAL=09e7146be868321bf916666ea0b808dda360564826a0748b2936c2007170e17c REMOTE=LOST
[  83/3625] Checking is LOST | E:\01.userData\ZhuoMian\Github_Releases_批量下载 xray\Xray-core\v1.1.4\Xray-linux-mips32le.zip       | LOCAL=84f98df1b19324ac924b3b2d4e4ca8f9fa2df3d9438e8dba24a00c0a3e1e5b01 REMOTE=LOST
[  84/3625] Checking is LOST | E:\01.userData\ZhuoMian\Github_Releases_批量下载 xray\Xray-core\v1.1.4\Xray-linux-mips64.zip         | LOCAL=79a65f829aae5db0807f27939e03f4e4a64bcafbf334a5dd7260334d831b3faa REMOTE=LOST
[  85/3625] Checking is LOST | E:\01.userData\ZhuoMian\Github_Releases_批量下载 xray\Xray-core\v1.1.4\Xray-linux-mips64le.zip       | LOCAL=3ebbfbfe5d23ae4fd284cbe61a570259a58310a589de36c8e233275d13c4784b REMOTE=LOST
[  86/3625] Checking is LOST | E:\01.userData\ZhuoMian\Github_Releases_批量下载 xray\Xray-core\v1.1.4\Xray-linux-ppc64.zip          | LOCAL=581123e2c5f8bcf2fa622e4fa37dbe3aa37fcc00932c2f860dbf4cc751abd503 REMOTE=LOST
[  87/3625] Checking is LOST | E:\01.userData\ZhuoMian\Github_Releases_批量下载 xray\Xray-core\v1.1.4\Xray-linux-ppc64le.zip        | LOCAL=d3f7db051a42f339cd279e6bf5c2cc2581b774e14dd7d4d89fe479121802d183 REMOTE=LOST
[  88/3625] Checking is LOST | E:\01.userData\ZhuoMian\Github_Releases_批量下载 xray\Xray-core\v1.1.4\Xray-linux-riscv64.zip        | LOCAL=f7d731a78e16368602f2b32e2fc251fce9f3e47ade6d85afb999f8fff3defd16 REMOTE=LOST
[  89/3625] Checking is LOST | E:\01.userData\ZhuoMian\Github_Releases_批量下载 xray\Xray-core\v1.1.4\Xray-linux-s390x.zip          | LOCAL=54da91a76309842552bd8815d30baa724186b0a17dca3842832b55927972ad53 REMOTE=LOST
[  90/3625] Checking is LOST | E:\01.userData\ZhuoMian\Github_Releases_批量下载 xray\Xray-core\v1.1.4\Xray-macos-64.zip             | LOCAL=9e12f4b7a18d124ce118167761152e31aca4e51dccc509a7858b780c468c8b37 REMOTE=LOST
[  91/3625] Checking is LOST | E:\01.userData\ZhuoMian\Github_Releases_批量下载 xray\Xray-core\v1.1.4\Xray-openbsd-32.zip           | LOCAL=ffd909ab3ed45ba0db72bdc6a007101aa43a08edc6dc07d4311527b88c16fc31 REMOTE=LOST
[  92/3625] Checking is LOST | E:\01.userData\ZhuoMian\Github_Releases_批量下载 xray\Xray-core\v1.1.4\Xray-openbsd-64.zip           | LOCAL=edbaf028c02bde29747c34ec952d897a6d50abddc0bd76c36ac0167ce536c78e REMOTE=LOST
[  93/3625] Checking is LOST | E:\01.userData\ZhuoMian\Github_Releases_批量下载 xray\Xray-core\v1.1.4\Xray-windows-32.zip           | LOCAL=22c12828a3477f42b7581aacfae3d166c0f59463faa404dac2fe1f4c6f70cb74 REMOTE=LOST
[  94/3625] Checking is LOST | E:\01.userData\ZhuoMian\Github_Releases_批量下载 xray\Xray-core\v1.1.4\Xray-windows-64.zip           | LOCAL=e47d6dec9e66ad9c17140977fbd7081f00dd61ba1606630b5a273f4b7ed7452a REMOTE=LOST
[  95/3625] Checking is LOST | E:\01.userData\ZhuoMian\Github_Releases_批量下载 xray\Xray-core\v1.1.4\Xray-windows-arm32-v7a.zip    | LOCAL=842721ecbf813fa538646536bb5a0b39350b36708b9bac9c59b8f760b71f97c6 REMOTE=LOST
[  96/3625] Checking is LOST | E:\01.userData\ZhuoMian\Github_Releases_批量下载 xray\Xray-core\v1.1.5\Xray-android-arm64-v8a.zip    | LOCAL=ea4a6545fa78c037ba35102a2733069e56b3d7d75adc57a5bd2191d9b21f7d8b REMOTE=LOST
[  97/3625] Checking is LOST | E:\01.userData\ZhuoMian\Github_Releases_批量下载 xray\Xray-core\v1.1.5\Xray-dragonfly-64.zip         | LOCAL=7e85bddc46284b38780a5b9001647d5e70990dd4046c281b6c1fbab1b4014a61 REMOTE=LOST
[  98/3625] Checking is LOST | E:\01.userData\ZhuoMian\Github_Releases_批量下载 xray\Xray-core\v1.1.5\Xray-freebsd-32.zip           | LOCAL=a273d3a6a137d2b519b34c6136aa4bf605a747adc53c2f1368bd22a1718d5823 REMOTE=LOST
[  99/3625] Checking is LOST | E:\01.userData\ZhuoMian\Github_Releases_批量下载 xray\Xray-core\v1.1.5\Xray-freebsd-64.zip           | LOCAL=65bbb9595f4990c873c28429bfaab78bfe80cd8ea4f1e23a35b034b3d396c9a4 REMOTE=LOST
[ 100/3625] Checking is LOST | E:\01.userData\ZhuoMian\Github_Releases_批量下载 xray\Xray-core\v1.1.5\Xray-linux-32.zip             | LOCAL=bc4088d198c0bc49bcc4645b5ed194f5e4c0f8541efaf719646c43f6ee88ba0a REMOTE=LOST
[ 101/3625] Checking is LOST | E:\01.userData\ZhuoMian\Github_Releases_批量下载 xray\Xray-core\v1.1.5\Xray-linux-64.zip             | LOCAL=873518bf704b0ec15c9abdc74dc2ad4b58f12989e28da32d0e5ba9278a1a9bc4 REMOTE=LOST
[ 102/3625] Checking is LOST | E:\01.userData\ZhuoMian\Github_Releases_批量下载 xray\Xray-core\v1.1.5\Xray-linux-arm32-v5.zip       | LOCAL=17a564a2d93dffd5fef0ff929619beb63a306ffc06c1e7d217b25b98c441145c REMOTE=LOST
[ 103/3625] Checking is LOST | E:\01.userData\ZhuoMian\Github_Releases_批量下载 xray\Xray-core\v1.1.5\Xray-linux-arm32-v6.zip       | LOCAL=262d0d32a72c03eb254c8a92400b15a551b17836dd119708d33b1da35b7fbf0d REMOTE=LOST
[ 104/3625] Checking is LOST | E:\01.userData\ZhuoMian\Github_Releases_批量下载 xray\Xray-core\v1.1.5\Xray-linux-arm32-v7a.zip      | LOCAL=96bbb906bf56d0684c49c5f4bd714572ce2330ef7e3d38029546228f50007aa4 REMOTE=LOST
[ 105/3625] Checking is LOST | E:\01.userData\ZhuoMian\Github_Releases_批量下载 xray\Xray-core\v1.1.5\Xray-linux-arm64-v8a.zip      | LOCAL=ccb6578c4eed1afb96e1a4cfb588a6d96441eb0b3cab5fa0f4d22e68c6a39938 REMOTE=LOST
[ 106/3625] Checking is LOST | E:\01.userData\ZhuoMian\Github_Releases_批量下载 xray\Xray-core\v1.1.5\Xray-linux-mips32.zip         | LOCAL=06b11a000d5e8e7820a96a91e03070dd3b1387eab6536c693bd0c7242480ab5f REMOTE=LOST
[ 107/3625] Checking is LOST | E:\01.userData\ZhuoMian\Github_Releases_批量下载 xray\Xray-core\v1.1.5\Xray-linux-mips32le.zip       | LOCAL=ba055376900ecb57bf0fdd10f745cc9880766563de6de5f22121aaede3016927 REMOTE=LOST
[ 108/3625] Checking is LOST | E:\01.userData\ZhuoMian\Github_Releases_批量下载 xray\Xray-core\v1.1.5\Xray-linux-mips64.zip         | LOCAL=215f5b1437ff36211202d0e3389225463454db43f9545f2cc95bcef64c2ab590 REMOTE=LOST
[ 109/3625] Checking is LOST | E:\01.userData\ZhuoMian\Github_Releases_批量下载 xray\Xray-core\v1.1.5\Xray-linux-mips64le.zip       | LOCAL=4d246ea14e2349fe3c3152d0e7e9ef2192c0650d1eea28ff2abe770d977da5f0 REMOTE=LOST
[ 110/3625] Checking is LOST | E:\01.userData\ZhuoMian\Github_Releases_批量下载 xray\Xray-core\v1.1.5\Xray-linux-ppc64.zip          | LOCAL=f0a3ee32e5b1d0c5d4ab7b001b53076712e570415905061627f0c3ceddd0a2d2 REMOTE=LOST
[ 111/3625] Checking is LOST | E:\01.userData\ZhuoMian\Github_Releases_批量下载 xray\Xray-core\v1.1.5\Xray-linux-ppc64le.zip        | LOCAL=16274e7450ac8088e60b16a2a6b1d838a4ed7f554a384c2c6073176fa881bd6c REMOTE=LOST
[ 112/3625] Checking is LOST | E:\01.userData\ZhuoMian\Github_Releases_批量下载 xray\Xray-core\v1.1.5\Xray-linux-riscv64.zip        | LOCAL=dab7fc08517bc3a175d29c3644542fd6e97961596b8cbc6ecd9e93bd03fb9640 REMOTE=LOST
[ 113/3625] Checking is LOST | E:\01.userData\ZhuoMian\Github_Releases_批量下载 xray\Xray-core\v1.1.5\Xray-linux-s390x.zip          | LOCAL=b9319531f6a0cdac5f3d060e6c13d6ec6be30fb0df7a13620a9d92ba559f12b0 REMOTE=LOST
[ 114/3625] Checking is LOST | E:\01.userData\ZhuoMian\Github_Releases_批量下载 xray\Xray-core\v1.1.5\Xray-macos-64.zip             | LOCAL=01e3479bbc63a0478e3a1c53214c721688c241b8a0ca05308f5daee16db277b3 REMOTE=LOST
[ 115/3625] Checking is LOST | E:\01.userData\ZhuoMian\Github_Releases_批量下载 xray\Xray-core\v1.1.5\Xray-openbsd-32.zip           | LOCAL=61b1184dd3fd987c6724ddb37eee76f35477a3c0d161dccf780822bff6434e47 REMOTE=LOST
[ 116/3625] Checking is LOST | E:\01.userData\ZhuoMian\Github_Releases_批量下载 xray\Xray-core\v1.1.5\Xray-openbsd-64.zip           | LOCAL=4f37c84fbdcb54cfc67e4a68d3958e21e0bc2c95d3b5f5e68d69da644796b782 REMOTE=LOST
[ 117/3625] Checking is LOST | E:\01.userData\ZhuoMian\Github_Releases_批量下载 xray\Xray-core\v1.1.5\Xray-windows-32.zip           | LOCAL=b7d108116554ce167a1437195130188a2ea46fa65122568f45acb9db89b88df0 REMOTE=LOST
[ 118/3625] Checking is LOST | E:\01.userData\ZhuoMian\Github_Releases_批量下载 xray\Xray-core\v1.1.5\Xray-windows-64.zip           | LOCAL=78e936fc8310cd9b5da498fccf6b61bfc9d491695000a5e0d4392e50c7bb3590 REMOTE=LOST
[ 119/3625] Checking is LOST | E:\01.userData\ZhuoMian\Github_Releases_批量下载 xray\Xray-core\v1.1.5\Xray-windows-arm32-v7a.zip    | LOCAL=1b41d3eae6c48cc998acab3bc9e7bb594be68bab2dcbabd6aca6ff0406adbbdc REMOTE=LOST
[ 120/3625] Checking is LOST | E:\01.userData\ZhuoMian\Github_Releases_批量下载 xray\Xray-core\v1.2.0\Xray-android-arm64-v8a.zip    | LOCAL=068733f94497c45d3b3e623b4d564a0e3710c6d6415b13f88f6455feeb49a257 REMOTE=LOST
[ 121/3625] Checking is LOST | E:\01.userData\ZhuoMian\Github_Releases_批量下载 xray\Xray-core\v1.2.0\Xray-dragonfly-64.zip         | LOCAL=57ec01ced479c6d02a7b6f507d6938bda6eb9dd16ffcde8b9e35a1555a5044fb REMOTE=LOST
[ 122/3625] Checking is LOST | E:\01.userData\ZhuoMian\Github_Releases_批量下载 xray\Xray-core\v1.2.0\Xray-freebsd-32.zip           | LOCAL=cfada533968327da83d30556a4117351b251c5cc4e4724536509b10f50e6d63d REMOTE=LOST
[ 123/3625] Checking is LOST | E:\01.userData\ZhuoMian\Github_Releases_批量下载 xray\Xray-core\v1.2.0\Xray-freebsd-64.zip           | LOCAL=d858a611cbc4386584572562a6d426403b988d9b6bcd098d506bcb6d255fbd43 REMOTE=LOST
[ 124/3625] Checking is LOST | E:\01.userData\ZhuoMian\Github_Releases_批量下载 xray\Xray-core\v1.2.0\Xray-linux-32.zip             | LOCAL=0cdf28156253afb415fc1b1be8f12f347634dda9058e38034be8262f69df95e0 REMOTE=LOST
[ 125/3625] Checking is LOST | E:\01.userData\ZhuoMian\Github_Releases_批量下载 xray\Xray-core\v1.2.0\Xray-linux-64.zip             | LOCAL=a4ffcd4163356ed8a9c8368681078ad0e9f969e602905249057d62712febe3be REMOTE=LOST
[ 126/3625] Checking is LOST | E:\01.userData\ZhuoMian\Github_Releases_批量下载 xray\Xray-core\v1.2.0\Xray-linux-arm32-v5.zip       | LOCAL=6a2b0a81c3e91a5bfef048301bdbae868ea070719d95aa97e7e3630d8781c2a9 REMOTE=LOST
[ 127/3625] Checking is LOST | E:\01.userData\ZhuoMian\Github_Releases_批量下载 xray\Xray-core\v1.2.0\Xray-linux-arm32-v6.zip       | LOCAL=a657c794e1002c173e2743640f5be72cf1f4db51ce646adf107d093b3ff16e8e REMOTE=LOST
[ 128/3625] Checking is LOST | E:\01.userData\ZhuoMian\Github_Releases_批量下载 xray\Xray-core\v1.2.0\Xray-linux-arm32-v7a.zip      | LOCAL=f56448474ea72722de1e23daa522c7945d077eb22f9ed292ea9b612f9611cbd5 REMOTE=LOST
[ 129/3625] Checking is LOST | E:\01.userData\ZhuoMian\Github_Releases_批量下载 xray\Xray-core\v1.2.0\Xray-linux-arm64-v8a.zip      | LOCAL=a0afc259c047f220d27faab006fddb1d697d0ce3674935bb46ee8f1f6423f88e REMOTE=LOST
[ 130/3625] Checking is LOST | E:\01.userData\ZhuoMian\Github_Releases_批量下载 xray\Xray-core\v1.2.0\Xray-linux-mips32.zip         | LOCAL=47bbdf9835a5ed136509dcec7cb93ea519f273add6aee55e4b5338b3eed7fc7f REMOTE=LOST
[ 131/3625] Checking is LOST | E:\01.userData\ZhuoMian\Github_Releases_批量下载 xray\Xray-core\v1.2.0\Xray-linux-mips32le.zip       | LOCAL=46e278f80fcdf09dcb4661423e77f9ce76bb6f35d4c503560949a2b782ca686a REMOTE=LOST
[ 132/3625] Checking is LOST | E:\01.userData\ZhuoMian\Github_Releases_批量下载 xray\Xray-core\v1.2.0\Xray-linux-mips64.zip         | LOCAL=8a722709f2b80e4f76b9a1dbc71dfc127e2d3f7166a63930a36b7c25b269467b REMOTE=LOST
[ 133/3625] Checking is LOST | E:\01.userData\ZhuoMian\Github_Releases_批量下载 xray\Xray-core\v1.2.0\Xray-linux-mips64le.zip       | LOCAL=7abb02524c9919479d0f99c89ff7fce4691de2ffd86cdc2a385213396bfad9e0 REMOTE=LOST
[ 134/3625] Checking is LOST | E:\01.userData\ZhuoMian\Github_Releases_批量下载 xray\Xray-core\v1.2.0\Xray-linux-ppc64.zip          | LOCAL=c4e537b7918ee031aeda86c23f851748cf325b07b2948d4f50280b7782d2ca94 REMOTE=LOST
[ 135/3625] Checking is LOST | E:\01.userData\ZhuoMian\Github_Releases_批量下载 xray\Xray-core\v1.2.0\Xray-linux-ppc64le.zip        | LOCAL=c7ff460d972477fbae6b915ce8f688832620238de9be2c76339e01f9ff2650df REMOTE=LOST
[ 136/3625] Checking is LOST | E:\01.userData\ZhuoMian\Github_Releases_批量下载 xray\Xray-core\v1.2.0\Xray-linux-riscv64.zip        | LOCAL=9a0885829eb9b99d246da13e3accaab2cad4e3ef892e566aae7c0e6ad9a366f8 REMOTE=LOST
[ 137/3625] Checking is LOST | E:\01.userData\ZhuoMian\Github_Releases_批量下载 xray\Xray-core\v1.2.0\Xray-linux-s390x.zip          | LOCAL=d3f296051b57e7cf6ce1186e12565d5950b75209315e91995601359cc9e3ecc8 REMOTE=LOST
[ 138/3625] Checking is LOST | E:\01.userData\ZhuoMian\Github_Releases_批量下载 xray\Xray-core\v1.2.0\Xray-macos-64.zip             | LOCAL=0aa5570d917c22e77deef67c5a70dd3d8630c3e992be5c1528250bb57ab16797 REMOTE=LOST
[ 139/3625] Checking is LOST | E:\01.userData\ZhuoMian\Github_Releases_批量下载 xray\Xray-core\v1.2.0\Xray-openbsd-32.zip           | LOCAL=4b4dabbb66706f2c3c3c14fd8d46e248a2643a21dfad771a101ea972d683403b REMOTE=LOST
[ 140/3625] Checking is LOST | E:\01.userData\ZhuoMian\Github_Releases_批量下载 xray\Xray-core\v1.2.0\Xray-openbsd-64.zip           | LOCAL=0fff195743d706b383261b0e8d264dddb313655713a8bf6ce0a2334e4ccaaa3b REMOTE=LOST
[ 141/3625] Checking is LOST | E:\01.userData\ZhuoMian\Github_Releases_批量下载 xray\Xray-core\v1.2.0\Xray-windows-32.zip           | LOCAL=aca1dbbf45fef0b5a1995daf81fea52790bf8f42691fbd0ddc9d662276133b88 REMOTE=LOST
[ 142/3625] Checking is LOST | E:\01.userData\ZhuoMian\Github_Releases_批量下载 xray\Xray-core\v1.2.0\Xray-windows-64.zip           | LOCAL=1ac6e7851b55bb1d04f1881d234495fe429efc0bfa4055780505a99954741f15 REMOTE=LOST
[ 143/3625] Checking is LOST | E:\01.userData\ZhuoMian\Github_Releases_批量下载 xray\Xray-core\v1.2.0\Xray-windows-arm32-v7a.zip    | LOCAL=90ca42620e897e104fa2bb22fd6aee5b8ef8cc9fe1b5c1321b7239df1f95a46b REMOTE=LOST
[ 144/3625] Checking is LOST | E:\01.userData\ZhuoMian\Github_Releases_批量下载 xray\Xray-core\v1.2.1\Xray-android-arm64-v8a.zip    | LOCAL=77b88296dba2491b4adb279c45450bc4cc39a67a8a184973677f08292b13d1d4 REMOTE=LOST
[ 145/3625] Checking is LOST | E:\01.userData\ZhuoMian\Github_Releases_批量下载 xray\Xray-core\v1.2.1\Xray-dragonfly-64.zip         | LOCAL=569930d4db69dbbb47f7b1469ceb98b79caab8f0602107fd69cba939551bea33 REMOTE=LOST
[ 146/3625] Checking is LOST | E:\01.userData\ZhuoMian\Github_Releases_批量下载 xray\Xray-core\v1.2.1\Xray-freebsd-32.zip           | LOCAL=a9415416cdcba17fe9012c7a352fc2bbef62f9a473e43746ade5956111a8b653 REMOTE=LOST
[ 147/3625] Checking is LOST | E:\01.userData\ZhuoMian\Github_Releases_批量下载 xray\Xray-core\v1.2.1\Xray-freebsd-64.zip           | LOCAL=8482a0f94decf7629b2d4e171335054c786d52412d9dbb3a036626cc54d3962e REMOTE=LOST
[ 148/3625] Checking is LOST | E:\01.userData\ZhuoMian\Github_Releases_批量下载 xray\Xray-core\v1.2.1\Xray-linux-32.zip             | LOCAL=a88e46c94504e3ff54bd076fb907d7357737cdb962a170cbcc09102a45c30f46 REMOTE=LOST
[ 149/3625] Checking is LOST | E:\01.userData\ZhuoMian\Github_Releases_批量下载 xray\Xray-core\v1.2.1\Xray-linux-64.zip             | LOCAL=3498f375feeb942d7a6349f38df63e6570a1c0f6960c975772b4b4c3f79d2407 REMOTE=LOST
[ 150/3625] Checking is LOST | E:\01.userData\ZhuoMian\Github_Releases_批量下载 xray\Xray-core\v1.2.1\Xray-linux-arm32-v5.zip       | LOCAL=56a6ceb73cafe4262f61d34bd69f678e617e996e813c6b4611898dab457669dd REMOTE=LOST
[ 151/3625] Checking is LOST | E:\01.userData\ZhuoMian\Github_Releases_批量下载 xray\Xray-core\v1.2.1\Xray-linux-arm32-v6.zip       | LOCAL=740551021e39d43de73b3033dab06b200d78493a01af72ecde1d929a50127faf REMOTE=LOST
[ 152/3625] Checking is LOST | E:\01.userData\ZhuoMian\Github_Releases_批量下载 xray\Xray-core\v1.2.1\Xray-linux-arm32-v7a.zip      | LOCAL=8d2fbe4307668217fd1379f9f3257453411d44a53639744c7ad7d4ee3d48164c REMOTE=LOST
[ 153/3625] Checking is LOST | E:\01.userData\ZhuoMian\Github_Releases_批量下载 xray\Xray-core\v1.2.1\Xray-linux-arm64-v8a.zip      | LOCAL=a093c4e3d7a0a4783626ae471d7bf9cd591b8726428f85abcccdb76b8ae022a8 REMOTE=LOST
[ 154/3625] Checking is LOST | E:\01.userData\ZhuoMian\Github_Releases_批量下载 xray\Xray-core\v1.2.1\Xray-linux-mips32.zip         | LOCAL=04060fe60a9d2ffa0d2a78caaeab8f32630e7b2d1af768544dd844ab23393939 REMOTE=LOST
[ 155/3625] Checking is LOST | E:\01.userData\ZhuoMian\Github_Releases_批量下载 xray\Xray-core\v1.2.1\Xray-linux-mips32le.zip       | LOCAL=7e8b13264d5a690cd8d8f53134f28c2e23cce7d5a1cbb25e1466d6160383eaa3 REMOTE=LOST
[ 156/3625] Checking is LOST | E:\01.userData\ZhuoMian\Github_Releases_批量下载 xray\Xray-core\v1.2.1\Xray-linux-mips64.zip         | LOCAL=8c0d8db73062369b415d4b9027749c101dab994541339e34e8f565f72ff3672e REMOTE=LOST
[ 157/3625] Checking is LOST | E:\01.userData\ZhuoMian\Github_Releases_批量下载 xray\Xray-core\v1.2.1\Xray-linux-mips64le.zip       | LOCAL=408228f65f6993a3a0473210503b32b781d0e67f814101d889764446606ce726 REMOTE=LOST
[ 158/3625] Checking is LOST | E:\01.userData\ZhuoMian\Github_Releases_批量下载 xray\Xray-core\v1.2.1\Xray-linux-ppc64.zip          | LOCAL=f72163d3f018b4a029ccc36f9ad59769d09d22f55e2c5769e947056ad21ff780 REMOTE=LOST
[ 159/3625] Checking is LOST | E:\01.userData\ZhuoMian\Github_Releases_批量下载 xray\Xray-core\v1.2.1\Xray-linux-ppc64le.zip        | LOCAL=682a46a6492c174c525f2dd724441ea9f1fcfcc2d092624e7138a319063e780b REMOTE=LOST
[ 160/3625] Checking is LOST | E:\01.userData\ZhuoMian\Github_Releases_批量下载 xray\Xray-core\v1.2.1\Xray-linux-riscv64.zip        | LOCAL=606db1af30959836c67ca73e14347efccd5097875978f62832366e864fc4c85b REMOTE=LOST
[ 161/3625] Checking is LOST | E:\01.userData\ZhuoMian\Github_Releases_批量下载 xray\Xray-core\v1.2.1\Xray-linux-s390x.zip          | LOCAL=1342cd6daaa1d6a5552e607d860a6ef48d64a68481e1fffaa8986f0e5a83834e REMOTE=LOST
[ 162/3625] Checking is LOST | E:\01.userData\ZhuoMian\Github_Releases_批量下载 xray\Xray-core\v1.2.1\Xray-macos-64.zip             | LOCAL=fb55d1ac6c295394d7b67c94e8405c2ff0193166bd347b0dea007d7206036b7e REMOTE=LOST
[ 163/3625] Checking is LOST | E:\01.userData\ZhuoMian\Github_Releases_批量下载 xray\Xray-core\v1.2.1\Xray-openbsd-32.zip           | LOCAL=00f38ad5030d2078a215dc2057ce2ae8edca3a1250cced65d31da75ffd9eb8cc REMOTE=LOST
[ 164/3625] Checking is LOST | E:\01.userData\ZhuoMian\Github_Releases_批量下载 xray\Xray-core\v1.2.1\Xray-openbsd-64.zip           | LOCAL=9d2757a3b97a11568b11c5f37265aae63277283d36dc841421ec87a58a9cb3c5 REMOTE=LOST
[ 165/3625] Checking is LOST | E:\01.userData\ZhuoMian\Github_Releases_批量下载 xray\Xray-core\v1.2.1\Xray-windows-32.zip           | LOCAL=e7437d0ebac77c042929b213a532f087da2243a01aa95c514a608fcdbd4e9ae5 REMOTE=LOST
[ 166/3625] Checking is LOST | E:\01.userData\ZhuoMian\Github_Releases_批量下载 xray\Xray-core\v1.2.1\Xray-windows-64.zip           | LOCAL=bc0c45e503d90c5107c714f0d58206957745ca05a4c55d885e0fa772a0e2df01 REMOTE=LOST
[ 167/3625] Checking is LOST | E:\01.userData\ZhuoMian\Github_Releases_批量下载 xray\Xray-core\v1.2.1\Xray-windows-arm32-v7a.zip    | LOCAL=c1199d28b2a4652a70415ed05e7d1f476a51e5b7bbda5a561c9bc1fe22330a79 REMOTE=LOST
[ 168/3625] Checking is LOST | E:\01.userData\ZhuoMian\Github_Releases_批量下载 xray\Xray-core\v1.2.2\Xray-android-arm64-v8a.zip    | LOCAL=62fe72dfca5fc2ab1fd1f5770498cb90be6706361e500f04d2c1edce92a40c74 REMOTE=LOST
[ 169/3625] Checking is LOST | E:\01.userData\ZhuoMian\Github_Releases_批量下载 xray\Xray-core\v1.2.2\Xray-dragonfly-64.zip         | LOCAL=c939b036320fb9dbe9ba98f6ebab1aaa6a2df9c7fdcb512a7ee485e928d16f79 REMOTE=LOST
[ 170/3625] Checking is LOST | E:\01.userData\ZhuoMian\Github_Releases_批量下载 xray\Xray-core\v1.2.2\Xray-freebsd-32.zip           | LOCAL=b8581495e242250e579e76630937544337455b789e53e5347cd91cf7092eef23 REMOTE=LOST
[ 171/3625] Checking is LOST | E:\01.userData\ZhuoMian\Github_Releases_批量下载 xray\Xray-core\v1.2.2\Xray-freebsd-64.zip           | LOCAL=b67448533df1c504366b2bcec199fba13003f0df5be007ea4e4b97eec7cb7e07 REMOTE=LOST
[ 172/3625] Checking is LOST | E:\01.userData\ZhuoMian\Github_Releases_批量下载 xray\Xray-core\v1.2.2\Xray-linux-32.zip             | LOCAL=2e3ab2cb6959f2f6e3cc9e2fabacca93367170091e198cacd85da509d6650a78 REMOTE=LOST
[ 173/3625] Checking is LOST | E:\01.userData\ZhuoMian\Github_Releases_批量下载 xray\Xray-core\v1.2.2\Xray-linux-64.zip             | LOCAL=d1ffbd7e100e5d6265a96b68b043349cd46d296f395896099961756eaed7028b REMOTE=LOST
[ 174/3625] Checking is LOST | E:\01.userData\ZhuoMian\Github_Releases_批量下载 xray\Xray-core\v1.2.2\Xray-linux-arm32-v5.zip       | LOCAL=abd1dea0769cebfdc53f8520ab6c8a7b4403451e303fd7e4ffcb2f1c765da66b REMOTE=LOST
[ 175/3625] Checking is LOST | E:\01.userData\ZhuoMian\Github_Releases_批量下载 xray\Xray-core\v1.2.2\Xray-linux-arm32-v6.zip       | LOCAL=af9f7faf622f07b9cd3dbab4d0b31deab9c3b4ea85d24ce573979e8b54579d13 REMOTE=LOST
[ 176/3625] Checking is LOST | E:\01.userData\ZhuoMian\Github_Releases_批量下载 xray\Xray-core\v1.2.2\Xray-linux-arm32-v7a.zip      | LOCAL=8869195de211061f6b864347afb1713c2346cff1f6a42501a830c48f2cf161ad REMOTE=LOST
[ 177/3625] Checking is LOST | E:\01.userData\ZhuoMian\Github_Releases_批量下载 xray\Xray-core\v1.2.2\Xray-linux-arm64-v8a.zip      | LOCAL=c10f83331bf38d8ee94b8af72e0f4fca37b8d92bdf1516c8146b5af89db95865 REMOTE=LOST
[ 178/3625] Checking is LOST | E:\01.userData\ZhuoMian\Github_Releases_批量下载 xray\Xray-core\v1.2.2\Xray-linux-mips32.zip         | LOCAL=e8247f38641017ad9408b37439ddeaac699bfa6691c0881e825fd94eccbb3cc5 REMOTE=LOST
[ 179/3625] Checking is LOST | E:\01.userData\ZhuoMian\Github_Releases_批量下载 xray\Xray-core\v1.2.2\Xray-linux-mips32le.zip       | LOCAL=3e785f958b1dfd94068ef06fe1b6ac8f7338d3dfea80626bcc6ba2b1eee3104c REMOTE=LOST
[ 180/3625] Checking is LOST | E:\01.userData\ZhuoMian\Github_Releases_批量下载 xray\Xray-core\v1.2.2\Xray-linux-mips64.zip         | LOCAL=89de51b5de97b36dc8e9ae30dad03b3f95fd30d933520389f7b42692518ce98a REMOTE=LOST
[ 181/3625] Checking is LOST | E:\01.userData\ZhuoMian\Github_Releases_批量下载 xray\Xray-core\v1.2.2\Xray-linux-mips64le.zip       | LOCAL=e2428a1bea586ec4acdd943bfbf4572b9468efd3abbc3f42d35ae8a391bef5bb REMOTE=LOST
[ 182/3625] Checking is LOST | E:\01.userData\ZhuoMian\Github_Releases_批量下载 xray\Xray-core\v1.2.2\Xray-linux-ppc64.zip          | LOCAL=d3a831c7a44fbb0e6f43b08e6663af563a61d1320bb913cbcb34718360a714e1 REMOTE=LOST
[ 183/3625] Checking is LOST | E:\01.userData\ZhuoMian\Github_Releases_批量下载 xray\Xray-core\v1.2.2\Xray-linux-ppc64le.zip        | LOCAL=cd0faa9dd7cba13371a1646b5eba64ff35a9c1ede2061311ea8dc76760998bdc REMOTE=LOST
[ 184/3625] Checking is LOST | E:\01.userData\ZhuoMian\Github_Releases_批量下载 xray\Xray-core\v1.2.2\Xray-linux-riscv64.zip        | LOCAL=bf906b380a2b493c63f3ae1de34ea93d074bfb708b19b4b22c1bcfa2387c3c02 REMOTE=LOST
[ 185/3625] Checking is LOST | E:\01.userData\ZhuoMian\Github_Releases_批量下载 xray\Xray-core\v1.2.2\Xray-linux-s390x.zip          | LOCAL=4c4dc2ddf7a957103a04eba5ee65df0ebde86caf1a85ac4d1509071d4b8d1095 REMOTE=LOST
[ 186/3625] Checking is LOST | E:\01.userData\ZhuoMian\Github_Releases_批量下载 xray\Xray-core\v1.2.2\Xray-macos-64.zip             | LOCAL=d2e5b591b5078469ead7f2d022d25d41c7f82fd72c1d0085e37de6517bc70819 REMOTE=LOST
[ 187/3625] Checking is LOST | E:\01.userData\ZhuoMian\Github_Releases_批量下载 xray\Xray-core\v1.2.2\Xray-macos-arm64-v8a.zip      | LOCAL=8a905dd91ee9f8247e821d404d99ebb7b169c4f04486988dcac772be961e256c REMOTE=LOST
[ 188/3625] Checking is LOST | E:\01.userData\ZhuoMian\Github_Releases_批量下载 xray\Xray-core\v1.2.2\Xray-openbsd-32.zip           | LOCAL=bff3b834c1d343e13373420a97619453d78ca32a080ba9d74d0d1591cfffdd04 REMOTE=LOST
[ 189/3625] Checking is LOST | E:\01.userData\ZhuoMian\Github_Releases_批量下载 xray\Xray-core\v1.2.2\Xray-openbsd-64.zip           | LOCAL=5f2aa17e559a822f15247870285688c37062a7b738556475afb399bdefaadaff REMOTE=LOST
[ 190/3625] Checking is LOST | E:\01.userData\ZhuoMian\Github_Releases_批量下载 xray\Xray-core\v1.2.2\Xray-windows-32.zip           | LOCAL=f2923015f54725479d3f0d913e1ec3734d72d134637418c6ea673c9b3f15a245 REMOTE=LOST
[ 191/3625] Checking is LOST | E:\01.userData\ZhuoMian\Github_Releases_批量下载 xray\Xray-core\v1.2.2\Xray-windows-64.zip           | LOCAL=24daf0a707fcad15bea0bf7f7733b40b374c85d91be5d1a9a6b22ac6c86e8380 REMOTE=LOST
[ 192/3625] Checking is LOST | E:\01.userData\ZhuoMian\Github_Releases_批量下载 xray\Xray-core\v1.2.2\Xray-windows-arm32-v7a.zip    | LOCAL=04bdfc952f850e14343275aa6eb9820292626b3fff3cad91b42800290e21cfb6 REMOTE=LOST
[ 193/3625] Checking is LOST | E:\01.userData\ZhuoMian\Github_Releases_批量下载 xray\Xray-core\v1.2.3\Xray-android-arm64-v8a.zip    | LOCAL=13d9fe178ebcbe6e355d22be62d42e436aa6c366b6cfdffc879b8732d3c4bde8 REMOTE=LOST
[ 194/3625] Checking is LOST | E:\01.userData\ZhuoMian\Github_Releases_批量下载 xray\Xray-core\v1.2.3\Xray-dragonfly-64.zip         | LOCAL=77e4482540d71ff57f7502a4905575348ce6ddcc2ce2ff98af74a5b3175b5e73 REMOTE=LOST
[ 195/3625] Checking is LOST | E:\01.userData\ZhuoMian\Github_Releases_批量下载 xray\Xray-core\v1.2.3\Xray-freebsd-32.zip           | LOCAL=6cbdb7b86272f3ec0747e3c06a7c8ff5e4f7bf2dd0728a7c2066828860117980 REMOTE=LOST
[ 196/3625] Checking is LOST | E:\01.userData\ZhuoMian\Github_Releases_批量下载 xray\Xray-core\v1.2.3\Xray-freebsd-64.zip           | LOCAL=d83ad419245bf483d89943a9f89c2284e06d2e8f5bb22e8d76f843f59278f141 REMOTE=LOST
[ 197/3625] Checking is LOST | E:\01.userData\ZhuoMian\Github_Releases_批量下载 xray\Xray-core\v1.2.3\Xray-linux-32.zip             | LOCAL=6170c9de6edd0b3a9de39eada48fcb43d1ba10b7ef420fc9ef993de34fcc1fed REMOTE=LOST
[ 198/3625] Checking is LOST | E:\01.userData\ZhuoMian\Github_Releases_批量下载 xray\Xray-core\v1.2.3\Xray-linux-64.zip             | LOCAL=a120d148523403543bbc326c4841830beaa8139718b9e11ef4bc52ed63cb71e3 REMOTE=LOST
[ 199/3625] Checking is LOST | E:\01.userData\ZhuoMian\Github_Releases_批量下载 xray\Xray-core\v1.2.3\Xray-linux-arm32-v5.zip       | LOCAL=2bb59aab01bb9b5239d8b15c8e73c37a3a232a0475eb0a3c5cd9f15926b57d9c REMOTE=LOST
[ 200/3625] Checking is LOST | E:\01.userData\ZhuoMian\Github_Releases_批量下载 xray\Xray-core\v1.2.3\Xray-linux-arm32-v6.zip       | LOCAL=c007ec04517212c4550fd92d51e2e0663d818ac637a79e73a7faa115fad3550f REMOTE=LOST
[ 201/3625] Checking is LOST | E:\01.userData\ZhuoMian\Github_Releases_批量下载 xray\Xray-core\v1.2.3\Xray-linux-arm32-v7a.zip      | LOCAL=f51ffef515235ee3d5c8c95c3bec711a5141457ef5c10c08b62c882ed1062c61 REMOTE=LOST
[ 202/3625] Checking is LOST | E:\01.userData\ZhuoMian\Github_Releases_批量下载 xray\Xray-core\v1.2.3\Xray-linux-arm64-v8a.zip      | LOCAL=fbb32c2b529b047163298185f6a28af19969ebd661e7b43584e3e364860f894f REMOTE=LOST
[ 203/3625] Checking is LOST | E:\01.userData\ZhuoMian\Github_Releases_批量下载 xray\Xray-core\v1.2.3\Xray-linux-mips32.zip         | LOCAL=58ca9b36de6b59ebd965b6b2ed91180f1f067ad4ade4c631b3480eadaab71311 REMOTE=LOST
[ 204/3625] Checking is LOST | E:\01.userData\ZhuoMian\Github_Releases_批量下载 xray\Xray-core\v1.2.3\Xray-linux-mips32le.zip       | LOCAL=6857955911d8790bfcb9de25e8d0f7d6c905322ccbe4f906803fcd5eef6c45ef REMOTE=LOST
[ 205/3625] Checking is LOST | E:\01.userData\ZhuoMian\Github_Releases_批量下载 xray\Xray-core\v1.2.3\Xray-linux-mips64.zip         | LOCAL=393a61cbdbe1d1dd48736cdd41ef3bf7eac520ea229025d80fcc8138dfee7dfd REMOTE=LOST
[ 206/3625] Checking is LOST | E:\01.userData\ZhuoMian\Github_Releases_批量下载 xray\Xray-core\v1.2.3\Xray-linux-mips64le.zip       | LOCAL=7524e6bfc7d5dfafe49cfb4d3d38a37c8ac6c03f26918b819aae95d6748fccbc REMOTE=LOST
[ 207/3625] Checking is LOST | E:\01.userData\ZhuoMian\Github_Releases_批量下载 xray\Xray-core\v1.2.3\Xray-linux-ppc64.zip          | LOCAL=6cd0b15949e8d85831164de79079c958b9048c5c81b06801e080e8df491e8a39 REMOTE=LOST
[ 208/3625] Checking is LOST | E:\01.userData\ZhuoMian\Github_Releases_批量下载 xray\Xray-core\v1.2.3\Xray-linux-ppc64le.zip        | LOCAL=95e575512cc479e5af30d59d65425f6fa473c0967e122a45f4b3a6a162f020c5 REMOTE=LOST
[ 209/3625] Checking is LOST | E:\01.userData\ZhuoMian\Github_Releases_批量下载 xray\Xray-core\v1.2.3\Xray-linux-riscv64.zip        | LOCAL=82df6a81b3207b855c5185c8ee3ef6ae1db8b2bf3728ab145cc6d1380495c895 REMOTE=LOST
[ 210/3625] Checking is LOST | E:\01.userData\ZhuoMian\Github_Releases_批量下载 xray\Xray-core\v1.2.3\Xray-linux-s390x.zip          | LOCAL=d2364757699af7c80a258e4c27c4d7187114e37af1f7d00b3a37b3a73be8e243 REMOTE=LOST
[ 211/3625] Checking is LOST | E:\01.userData\ZhuoMian\Github_Releases_批量下载 xray\Xray-core\v1.2.3\Xray-macos-64.zip             | LOCAL=247a5a84c3aecd5b880108c1f7879d7795ad3dedb14eb9fd171dfa9637ba739c REMOTE=LOST
[ 212/3625] Checking is LOST | E:\01.userData\ZhuoMian\Github_Releases_批量下载 xray\Xray-core\v1.2.3\Xray-macos-arm64-v8a.zip      | LOCAL=9eed5620751d8c6fc864c5fbabbfb4699263c515496839fa9741c0d3cc9630e9 REMOTE=LOST
[ 213/3625] Checking is LOST | E:\01.userData\ZhuoMian\Github_Releases_批量下载 xray\Xray-core\v1.2.3\Xray-openbsd-32.zip           | LOCAL=dbba6ad35e29a6ed3a8cd68360eb77fd22a025192d8a9b537575d46d3a969ba2 REMOTE=LOST
[ 214/3625] Checking is LOST | E:\01.userData\ZhuoMian\Github_Releases_批量下载 xray\Xray-core\v1.2.3\Xray-openbsd-64.zip           | LOCAL=c0aa028cdd3222b374a0ce84fe74e49e9494bf2b072af831859688da8f2cf9b2 REMOTE=LOST
[ 215/3625] Checking is LOST | E:\01.userData\ZhuoMian\Github_Releases_批量下载 xray\Xray-core\v1.2.3\Xray-windows-32.zip           | LOCAL=85b52e5fc42870bbb0c4ca6e24fad73c1172f24771be37892c8a92b981ed60f8 REMOTE=LOST
[ 216/3625] Checking is LOST | E:\01.userData\ZhuoMian\Github_Releases_批量下载 xray\Xray-core\v1.2.3\Xray-windows-64.zip           | LOCAL=cf39e196e2dc37ad5b6502db765a51c27336ec040cab3ab878c7eab21bdfc7d8 REMOTE=LOST
[ 217/3625] Checking is LOST | E:\01.userData\ZhuoMian\Github_Releases_批量下载 xray\Xray-core\v1.2.3\Xray-windows-arm32-v7a.zip    | LOCAL=6cdd7a3e40657c2df597c3421d5c0fdffff72197269844eb870a797eb242085e REMOTE=LOST
[ 218/3625] Checking is LOST | E:\01.userData\ZhuoMian\Github_Releases_批量下载 xray\Xray-core\v1.2.4\Xray-android-arm64-v8a.zip    | LOCAL=97881dfa63c6384a125bdd57a1b1fd2c78512a5770d0c6d244f592e7510ad6f8 REMOTE=LOST
[ 219/3625] Checking is LOST | E:\01.userData\ZhuoMian\Github_Releases_批量下载 xray\Xray-core\v1.2.4\Xray-dragonfly-64.zip         | LOCAL=1b8afdb77ce202a46e7525eecd588482ce248f7b71ffcae937756ef99cc43b9a REMOTE=LOST
[ 220/3625] Checking is LOST | E:\01.userData\ZhuoMian\Github_Releases_批量下载 xray\Xray-core\v1.2.4\Xray-freebsd-32.zip           | LOCAL=732b6e79f4beeefeed224e7efd4f6a923d66b79c100bc562d48d7b232fd51d24 REMOTE=LOST
[ 221/3625] Checking is LOST | E:\01.userData\ZhuoMian\Github_Releases_批量下载 xray\Xray-core\v1.2.4\Xray-freebsd-64.zip           | LOCAL=d06c2ee2e6f2c442f7f65d970f6db6fd488a839c45e509274e712680c2415f1e REMOTE=LOST
[ 222/3625] Checking is LOST | E:\01.userData\ZhuoMian\Github_Releases_批量下载 xray\Xray-core\v1.2.4\Xray-linux-32.zip             | LOCAL=da49545c0200c05ce0a38fa87ddb96785b79dba76cbd2991d3d344423ad70e8b REMOTE=LOST
[ 223/3625] Checking is LOST | E:\01.userData\ZhuoMian\Github_Releases_批量下载 xray\Xray-core\v1.2.4\Xray-linux-64.zip             | LOCAL=ce82329550770701680033c062f191c9870c0c8b9aaa03f69dab67ca630f85d2 REMOTE=LOST
[ 224/3625] Checking is LOST | E:\01.userData\ZhuoMian\Github_Releases_批量下载 xray\Xray-core\v1.2.4\Xray-linux-arm32-v5.zip       | LOCAL=7a94242a1015927cc3a18c9c6e0ba016d2e6f1a1ea95ba64b3525a61f0ae17ae REMOTE=LOST
[ 225/3625] Checking is LOST | E:\01.userData\ZhuoMian\Github_Releases_批量下载 xray\Xray-core\v1.2.4\Xray-linux-arm32-v6.zip       | LOCAL=6a54efbf6c65648a1d14560bc799275109a4cfb90917da10a5e536725a1ccdd4 REMOTE=LOST
[ 226/3625] Checking is LOST | E:\01.userData\ZhuoMian\Github_Releases_批量下载 xray\Xray-core\v1.2.4\Xray-linux-arm32-v7a.zip      | LOCAL=6bc8d512b393835854b58c38e0d4b3e6ea10a8d9695268010733359c6dea5125 REMOTE=LOST
[ 227/3625] Checking is LOST | E:\01.userData\ZhuoMian\Github_Releases_批量下载 xray\Xray-core\v1.2.4\Xray-linux-arm64-v8a.zip      | LOCAL=acf375cf9509e4d4727a63f6ba127106347e757fd4dc843a4de4dde1a0d6cc25 REMOTE=LOST
[ 228/3625] Checking is LOST | E:\01.userData\ZhuoMian\Github_Releases_批量下载 xray\Xray-core\v1.2.4\Xray-linux-mips32.zip         | LOCAL=61ede7cf9e7ca15c3f0905dc9885b6caf2cc048e1319bebc77ff211fe84b53b9 REMOTE=LOST
[ 229/3625] Checking is LOST | E:\01.userData\ZhuoMian\Github_Releases_批量下载 xray\Xray-core\v1.2.4\Xray-linux-mips32le.zip       | LOCAL=f35defaeb7cbcd43bbe35d274641aea4263a8417052ad8b9775303093ecee009 REMOTE=LOST
[ 230/3625] Checking is LOST | E:\01.userData\ZhuoMian\Github_Releases_批量下载 xray\Xray-core\v1.2.4\Xray-linux-mips64.zip         | LOCAL=20a7d150657b68d0fd425c23d2d9f7954b9711902a49d4cff62166eedd810228 REMOTE=LOST
[ 231/3625] Checking is LOST | E:\01.userData\ZhuoMian\Github_Releases_批量下载 xray\Xray-core\v1.2.4\Xray-linux-mips64le.zip       | LOCAL=da4cd6a88cf16b61e54f4868b00d04f30b5d4baa0c73effb7ecf23e72c911c35 REMOTE=LOST
[ 232/3625] Checking is LOST | E:\01.userData\ZhuoMian\Github_Releases_批量下载 xray\Xray-core\v1.2.4\Xray-linux-ppc64.zip          | LOCAL=aa68ea5b641d0fb69d85aab0aa06673d4a09aa3d662e3fcc95b43d10ebebfe84 REMOTE=LOST
[ 233/3625] Checking is LOST | E:\01.userData\ZhuoMian\Github_Releases_批量下载 xray\Xray-core\v1.2.4\Xray-linux-ppc64le.zip        | LOCAL=2acea323fe109ae68eb1a7ca5d2dbffbc6f3c15e46c2ec0fbb35e3ca7ceaf5a3 REMOTE=LOST
[ 234/3625] Checking is LOST | E:\01.userData\ZhuoMian\Github_Releases_批量下载 xray\Xray-core\v1.2.4\Xray-linux-riscv64.zip        | LOCAL=d06502b61b94287efb4312ab17814103ffc3c92184cd20e84a86099f97977dae REMOTE=LOST
[ 235/3625] Checking is LOST | E:\01.userData\ZhuoMian\Github_Releases_批量下载 xray\Xray-core\v1.2.4\Xray-linux-s390x.zip          | LOCAL=d2b604fe47f08af617295891d60429073868ba524517229c462a385104c50563 REMOTE=LOST
[ 236/3625] Checking is LOST | E:\01.userData\ZhuoMian\Github_Releases_批量下载 xray\Xray-core\v1.2.4\Xray-macos-64.zip             | LOCAL=938c2d12734d2b0289a08e476df9fe913c806e28204c8645da727eb29e7a534e REMOTE=LOST
[ 237/3625] Checking is LOST | E:\01.userData\ZhuoMian\Github_Releases_批量下载 xray\Xray-core\v1.2.4\Xray-macos-arm64-v8a.zip      | LOCAL=d55ebec9e17247ea2e0e32d68a7d7f98e71886ef768fc36873f32e1960c93625 REMOTE=LOST
[ 238/3625] Checking is LOST | E:\01.userData\ZhuoMian\Github_Releases_批量下载 xray\Xray-core\v1.2.4\Xray-openbsd-32.zip           | LOCAL=96ba00fc9b580288b946aa646030401b3c6df2164fd2e32be536952b7a4fb9ee REMOTE=LOST
[ 239/3625] Checking is LOST | E:\01.userData\ZhuoMian\Github_Releases_批量下载 xray\Xray-core\v1.2.4\Xray-openbsd-64.zip           | LOCAL=00dbf2a64633accb8377843c6fbdbd646727cbfa5676929bd4c01cc6bb0c3045 REMOTE=LOST
[ 240/3625] Checking is LOST | E:\01.userData\ZhuoMian\Github_Releases_批量下载 xray\Xray-core\v1.2.4\Xray-windows-32.zip           | LOCAL=9389bd242607074447caa69270ba8bd0eecaf9e538ae2775ddce46e1b91bd5d7 REMOTE=LOST
[ 241/3625] Checking is LOST | E:\01.userData\ZhuoMian\Github_Releases_批量下载 xray\Xray-core\v1.2.4\Xray-windows-64.zip           | LOCAL=8797c1e67892cba8be41a8db869f47309f2212a673c8c260121906c94791db28 REMOTE=LOST
[ 242/3625] Checking is LOST | E:\01.userData\ZhuoMian\Github_Releases_批量下载 xray\Xray-core\v1.2.4\Xray-windows-arm32-v7a.zip    | LOCAL=17031c233347656025f56845b7eb722da6816848c67312508e733d3790de5e65 REMOTE=LOST
[ 243/3625] Checking is LOST | E:\01.userData\ZhuoMian\Github_Releases_批量下载 xray\Xray-core\v1.3.0\Xray-android-arm64-v8a.zip    | LOCAL=0655da4df4dca02722d17c4690d91acea93f2566b7f25572b58eafee14e448c4 REMOTE=LOST
[ 244/3625] Checking is LOST | E:\01.userData\ZhuoMian\Github_Releases_批量下载 xray\Xray-core\v1.3.0\Xray-dragonfly-64.zip         | LOCAL=2e373e56c217779ad91d99686ec3e7be9bc81213f4ee9c34cb51b3797cda37d9 REMOTE=LOST
[ 245/3625] Checking is LOST | E:\01.userData\ZhuoMian\Github_Releases_批量下载 xray\Xray-core\v1.3.0\Xray-freebsd-32.zip           | LOCAL=573be0d8e41edbd5db875fe7ea7915627e996109322bf297429d4a6d593f2aa6 REMOTE=LOST
[ 246/3625] Checking is LOST | E:\01.userData\ZhuoMian\Github_Releases_批量下载 xray\Xray-core\v1.3.0\Xray-freebsd-64.zip           | LOCAL=1e45f35fdd04a1f09e8cdce12a621b1b7de8e86bd1b92a9b028414302b586dc1 REMOTE=LOST
[ 247/3625] Checking is LOST | E:\01.userData\ZhuoMian\Github_Releases_批量下载 xray\Xray-core\v1.3.0\Xray-linux-32.zip             | LOCAL=03c4143e9e6cb1de7d2788bbd1cbec0570007d8f5aea36aeecb88114bfa0b628 REMOTE=LOST
[ 248/3625] Checking is LOST | E:\01.userData\ZhuoMian\Github_Releases_批量下载 xray\Xray-core\v1.3.0\Xray-linux-64.zip             | LOCAL=95fdb6e1353f1123dcc396e0d932e4b28d6afeaa74a17b8fee7634b735b842af REMOTE=LOST
[ 249/3625] Checking is LOST | E:\01.userData\ZhuoMian\Github_Releases_批量下载 xray\Xray-core\v1.3.0\Xray-linux-arm32-v5.zip       | LOCAL=ff81107bf7d178b340890f0bffe359db3529edaa18c82766cdf9551880bd3868 REMOTE=LOST
[ 250/3625] Checking is LOST | E:\01.userData\ZhuoMian\Github_Releases_批量下载 xray\Xray-core\v1.3.0\Xray-linux-arm32-v6.zip       | LOCAL=f533680e12b791c07dc26eabbaf5b283cbfe64c0e26d7a5b2a8406424ef99a42 REMOTE=LOST
[ 251/3625] Checking is LOST | E:\01.userData\ZhuoMian\Github_Releases_批量下载 xray\Xray-core\v1.3.0\Xray-linux-arm32-v7a.zip      | LOCAL=a4660de1aee3d623cde0fb1c6e4ce554fd57397a63540cf0aaed5524b33549c8 REMOTE=LOST
[ 252/3625] Checking is LOST | E:\01.userData\ZhuoMian\Github_Releases_批量下载 xray\Xray-core\v1.3.0\Xray-linux-arm64-v8a.zip      | LOCAL=8f09d7c7537955ea1f90fd21d9d776feeee15649425e6121f7257d985a120cae REMOTE=LOST
[ 253/3625] Checking is LOST | E:\01.userData\ZhuoMian\Github_Releases_批量下载 xray\Xray-core\v1.3.0\Xray-linux-mips32.zip         | LOCAL=caa6c4a26b3e8e2295951635eebb93b9d9cfe8626aa646e69553524285bbf7f9 REMOTE=LOST
[ 254/3625] Checking is LOST | E:\01.userData\ZhuoMian\Github_Releases_批量下载 xray\Xray-core\v1.3.0\Xray-linux-mips32le.zip       | LOCAL=6d72b2e0af1bfcad7a9c83b057d53e63e0e4ab742627e7142e256f93a5e3a7e7 REMOTE=LOST
[ 255/3625] Checking is LOST | E:\01.userData\ZhuoMian\Github_Releases_批量下载 xray\Xray-core\v1.3.0\Xray-linux-mips64.zip         | LOCAL=aa5de28cd8523ea1af505f7c75a8af07e023feee05200874638af8dd4cfd804f REMOTE=LOST
[ 256/3625] Checking is LOST | E:\01.userData\ZhuoMian\Github_Releases_批量下载 xray\Xray-core\v1.3.0\Xray-linux-mips64le.zip       | LOCAL=d5a1971443aad763c8c0799570d295d29d858d604a2c7cb1121c513107bc4cd4 REMOTE=LOST
[ 257/3625] Checking is LOST | E:\01.userData\ZhuoMian\Github_Releases_批量下载 xray\Xray-core\v1.3.0\Xray-linux-ppc64.zip          | LOCAL=8a6aef9a7ad1b167ea367bf583415749630e361536d3620a31c1b755db90582d REMOTE=LOST
[ 258/3625] Checking is LOST | E:\01.userData\ZhuoMian\Github_Releases_批量下载 xray\Xray-core\v1.3.0\Xray-linux-ppc64le.zip        | LOCAL=091927852b426754c938b3acc465978b0dd6c0b871771cbf889d748b3feb0b2a REMOTE=LOST
[ 259/3625] Checking is LOST | E:\01.userData\ZhuoMian\Github_Releases_批量下载 xray\Xray-core\v1.3.0\Xray-linux-riscv64.zip        | LOCAL=98f6f0f00efbe635a423668957f2212bc8da61c3b75720463dbb5072cb2b8971 REMOTE=LOST
[ 260/3625] Checking is LOST | E:\01.userData\ZhuoMian\Github_Releases_批量下载 xray\Xray-core\v1.3.0\Xray-linux-s390x.zip          | LOCAL=74789c5fbd6f03f22eac21e07cdb8e4d1c4917e763086b269d82dd1c9876c05e REMOTE=LOST
[ 261/3625] Checking is LOST | E:\01.userData\ZhuoMian\Github_Releases_批量下载 xray\Xray-core\v1.3.0\Xray-macos-64.zip             | LOCAL=a4ab73dd37b2a5fbf2dffdb9fe87e2616a79d8ce75aa6aced6b1211e31adac0b REMOTE=LOST
[ 262/3625] Checking is LOST | E:\01.userData\ZhuoMian\Github_Releases_批量下载 xray\Xray-core\v1.3.0\Xray-macos-arm64-v8a.zip      | LOCAL=179b72d33101658caff9506341b5aa8a8535df97abf58b944e7588e5a5aac01f REMOTE=LOST
[ 263/3625] Checking is LOST | E:\01.userData\ZhuoMian\Github_Releases_批量下载 xray\Xray-core\v1.3.0\Xray-openbsd-32.zip           | LOCAL=6c26d5f31fd8f0bbfe2c23327553d36b84870d486b3edd0a5f1a72cf132466b7 REMOTE=LOST
[ 264/3625] Checking is LOST | E:\01.userData\ZhuoMian\Github_Releases_批量下载 xray\Xray-core\v1.3.0\Xray-openbsd-64.zip           | LOCAL=e1fca3311973698a084d12153dd78c184752798595a902afd9fa3f9a958913d8 REMOTE=LOST
[ 265/3625] Checking is LOST | E:\01.userData\ZhuoMian\Github_Releases_批量下载 xray\Xray-core\v1.3.0\Xray-windows-32.zip           | LOCAL=2d401050b61a667860eb8ef1e355934256da33f5b405396c307331905331d705 REMOTE=LOST
[ 266/3625] Checking is LOST | E:\01.userData\ZhuoMian\Github_Releases_批量下载 xray\Xray-core\v1.3.0\Xray-windows-64.zip           | LOCAL=05bd9ce92bbe031a26cec12a1b2f3548d2b9aa271adb1275a16b07da8a5aa3c2 REMOTE=LOST
[ 267/3625] Checking is LOST | E:\01.userData\ZhuoMian\Github_Releases_批量下载 xray\Xray-core\v1.3.0\Xray-windows-arm32-v7a.zip    | LOCAL=31f84ccd11503bda47c535edae8b308f290ec55013852415fb09b5c3ad4d9556 REMOTE=LOST
[ 355/3625] Checking is LOST | E:\01.userData\ZhuoMian\Github_Releases_批量下载 xray\Xray-core\v1.4.3\Xray-android-arm64-v8a.zip    | LOCAL=1599a5e03af236e4c76a102565c719baa4fef9834760b88252a3d2497e056519 REMOTE=LOST
[ 356/3625] Checking is LOST | E:\01.userData\ZhuoMian\Github_Releases_批量下载 xray\Xray-core\v1.4.3\Xray-dragonfly-64.zip         | LOCAL=5731ab858b6dead7e3b9e33f85983461f754cd0d50144c85e09a2cdcb3e915bf REMOTE=LOST
[ 357/3625] Checking is LOST | E:\01.userData\ZhuoMian\Github_Releases_批量下载 xray\Xray-core\v1.4.3\Xray-freebsd-32.zip           | LOCAL=48c1f58f79ba157a3b4790f4fbdc84c56dfb47b4ee11c584e84133960642655a REMOTE=LOST
[ 358/3625] Checking is LOST | E:\01.userData\ZhuoMian\Github_Releases_批量下载 xray\Xray-core\v1.4.3\Xray-freebsd-64.zip           | LOCAL=928d1c6c144ff141791d5e40fb509a73cb9fbc1ca6a01ff514b8d13f1a2e35cd REMOTE=LOST
[ 359/3625] Checking is LOST | E:\01.userData\ZhuoMian\Github_Releases_批量下载 xray\Xray-core\v1.4.3\Xray-freebsd-arm32-v7a.zip    | LOCAL=eafc8d26165dfc0502cfebe2305707872e24202abaebc0da27cb1d4d98a75da8 REMOTE=LOST
[ 360/3625] Checking is LOST | E:\01.userData\ZhuoMian\Github_Releases_批量下载 xray\Xray-core\v1.4.3\Xray-freebsd-arm64-v8a.zip    | LOCAL=5500140798da1c6c92538c84cc32da70772672502100d7b609e4d2df6aa7e8d9 REMOTE=LOST
[ 361/3625] Checking is LOST | E:\01.userData\ZhuoMian\Github_Releases_批量下载 xray\Xray-core\v1.4.3\Xray-linux-32.zip             | LOCAL=548789078bee421f11872cce4727730250ca415d535a8a02dd00507c38afaeb0 REMOTE=LOST
[ 362/3625] Checking is LOST | E:\01.userData\ZhuoMian\Github_Releases_批量下载 xray\Xray-core\v1.4.3\Xray-linux-64.zip             | LOCAL=bf2eb7ce6024ad5a6e8aaa1550acf82f76101614b9095cfacf55c90cbb9bafe7 REMOTE=LOST
[ 363/3625] Checking is LOST | E:\01.userData\ZhuoMian\Github_Releases_批量下载 xray\Xray-core\v1.4.3\Xray-linux-arm32-v5.zip       | LOCAL=4201c298e659cc4045cb3813f328347ecf9e5e07e5bb1db453c4f499c8e625ee REMOTE=LOST
[ 364/3625] Checking is LOST | E:\01.userData\ZhuoMian\Github_Releases_批量下载 xray\Xray-core\v1.4.3\Xray-linux-arm32-v6.zip       | LOCAL=5ef73a8c3ba816d6bfff7ed26892e2308419702b6185bf33eec055a470fd2c96 REMOTE=LOST
[ 365/3625] Checking is LOST | E:\01.userData\ZhuoMian\Github_Releases_批量下载 xray\Xray-core\v1.4.3\Xray-linux-arm32-v7a.zip      | LOCAL=9c332dcb3614574259b82c78903026ced653426dcd36fcfa6b937f7110e85e08 REMOTE=LOST
[ 366/3625] Checking is LOST | E:\01.userData\ZhuoMian\Github_Releases_批量下载 xray\Xray-core\v1.4.3\Xray-linux-arm64-v8a.zip      | LOCAL=87545101ecfe77e144d863a55cc809db8a95d142d0ddab1631f2b6f5a148ce7e REMOTE=LOST
[ 367/3625] Checking is LOST | E:\01.userData\ZhuoMian\Github_Releases_批量下载 xray\Xray-core\v1.4.3\Xray-linux-mips32.zip         | LOCAL=e6cf25df0584720a9b33f05d5a4972bd68c881676329244f6e840292948c9fc9 REMOTE=LOST
[ 368/3625] Checking is LOST | E:\01.userData\ZhuoMian\Github_Releases_批量下载 xray\Xray-core\v1.4.3\Xray-linux-mips32le.zip       | LOCAL=d39f2ac134bc1a7ce96698b894a4356ee946dd0e33d53168a59293e78b6da78b REMOTE=LOST
[ 369/3625] Checking is LOST | E:\01.userData\ZhuoMian\Github_Releases_批量下载 xray\Xray-core\v1.4.3\Xray-linux-mips64.zip         | LOCAL=3f17a4e47a0560659cbcfab6f6a359b0be14cb6c30bf69d13e649bc752220a83 REMOTE=LOST
[ 370/3625] Checking is LOST | E:\01.userData\ZhuoMian\Github_Releases_批量下载 xray\Xray-core\v1.4.3\Xray-linux-mips64le.zip       | LOCAL=08896b7e839d91e744a21821032efdee20544f94027d156bd885a85bb2492d40 REMOTE=LOST
[ 371/3625] Checking is LOST | E:\01.userData\ZhuoMian\Github_Releases_批量下载 xray\Xray-core\v1.4.3\Xray-linux-ppc64.zip          | LOCAL=c3ebfb3f6b79cf80b1ea6f14cc26353fcf66c561efa9203d72e722dc54b895af REMOTE=LOST
[ 372/3625] Checking is LOST | E:\01.userData\ZhuoMian\Github_Releases_批量下载 xray\Xray-core\v1.4.3\Xray-linux-ppc64le.zip        | LOCAL=2ab58263be5f09201dad22a440582c2f59b210dca0d0dc6d0ce9c695f2f6b3c3 REMOTE=LOST
[ 373/3625] Checking is LOST | E:\01.userData\ZhuoMian\Github_Releases_批量下载 xray\Xray-core\v1.4.3\Xray-linux-riscv64.zip        | LOCAL=cf1ea89c5ddcd656fbd11e70c57c884a8980a7482e942fe8f6d517a237bf225c REMOTE=LOST
[ 374/3625] Checking is LOST | E:\01.userData\ZhuoMian\Github_Releases_批量下载 xray\Xray-core\v1.4.3\Xray-linux-s390x.zip          | LOCAL=fb8ecc70f75c4f42c20d9369e21f6cdeb59c7dc83a8b80f67993b92db24fd8c2 REMOTE=LOST
[ 375/3625] Checking is LOST | E:\01.userData\ZhuoMian\Github_Releases_批量下载 xray\Xray-core\v1.4.3\Xray-macos-64.zip             | LOCAL=2912b02df3cc502677b5facb947b5219961a2620194d1c4d6d8303a5e5264f70 REMOTE=LOST
[ 376/3625] Checking is LOST | E:\01.userData\ZhuoMian\Github_Releases_批量下载 xray\Xray-core\v1.4.3\Xray-macos-arm64-v8a.zip      | LOCAL=17d007ba67be2ef1630762b105f89bc1ea08e6709a877bb618cc1523cca51e70 REMOTE=LOST
[ 377/3625] Checking is LOST | E:\01.userData\ZhuoMian\Github_Releases_批量下载 xray\Xray-core\v1.4.3\Xray-openbsd-32.zip           | LOCAL=0af810714c3de1bc72790508379a419fad4c6503e24bc5f9a33f89e5bfaba600 REMOTE=LOST
[ 378/3625] Checking is LOST | E:\01.userData\ZhuoMian\Github_Releases_批量下载 xray\Xray-core\v1.4.3\Xray-openbsd-64.zip           | LOCAL=424a3ff4696b228148f3d99b19bb97479a2a2dce4f6481d56919e0c38faba48a REMOTE=LOST
[ 379/3625] Checking is LOST | E:\01.userData\ZhuoMian\Github_Releases_批量下载 xray\Xray-core\v1.4.3\Xray-openbsd-arm32-v7a.zip    | LOCAL=e5e4f94a422f4c8b74f1233f0a00dfda4537ab0bda20b5dfab4ddbf6e7d7c115 REMOTE=LOST
[ 380/3625] Checking is LOST | E:\01.userData\ZhuoMian\Github_Releases_批量下载 xray\Xray-core\v1.4.3\Xray-openbsd-arm64-v8a.zip    | LOCAL=dd9b5feb41b89ede6edc43d30de7bfa45559b4ee2070bfb078148161c4e12859 REMOTE=LOST
[ 381/3625] Checking is LOST | E:\01.userData\ZhuoMian\Github_Releases_批量下载 xray\Xray-core\v1.4.3\Xray-windows-32.zip           | LOCAL=783f1f0dac8fa5d30e463c145743d47aeb948065b8bfd404c1d59a2403c49d95 REMOTE=LOST
[ 382/3625] Checking is LOST | E:\01.userData\ZhuoMian\Github_Releases_批量下载 xray\Xray-core\v1.4.3\Xray-windows-64.zip           | LOCAL=77ef50d5a22c89a616e8f698584d074656e615184ff7be96d060b4626d3ee68c REMOTE=LOST
[ 383/3625] Checking is LOST | E:\01.userData\ZhuoMian\Github_Releases_批量下载 xray\Xray-core\v1.4.3\Xray-windows-arm32-v7a.zip    | LOCAL=d04cc018a7848e09bafa7b4b7e573e01c148ac29f71b91db3d3572f96b449fc9 REMOTE=LOST
